= Getting Started

Klaus KÃ¤mpf

            
        
:doctype: book
:sectnums:
:toc: left
:icons: font
:experimental: